{"synthetic": false,
 "schemaVersion": "2025-09-10",
 "outputs":
 {"o": ["03d20ddcf1aac9de.olean"],
  "m": false,
  "i": "14e933880f702bd1.ilean",
  "c": "d4bf6920a9dc6c5a.c"},
 "log":
 [{"message":
   ".> LEAN_PATH=/workspace/.lake/build/lib/lean /root/.elan/toolchains/leanprover--lean4---v4.34.0/bin/lean /workspace/P10Core/Model/Calculus.lean -o /workspace/.lake/build/lib/lean/P10Core/Model/Calculus.olean -i /workspace/.lake/build/lib/lean/P10Core/Model/Calculus.ilean -c /workspace/.lake/build/ir/P10Core/Model/Calculus.c --setup /workspace/.lake/build/ir/P10Core/Model/Calculus.setup.json --json",
   "level": "trace"}],
 "inputs":
 [["deps",
   [["p10_core/P10Core:extraDep", [["@p10_core:extraDep", "00000000000006bb"]]],
    ["imports",
     [["P10Core.Spec.Core transitive imports (legacy)", "00000000000006bb"],
      ["P10Core.Spec.Core:importAllArts", "df4a0ebc9071f3b5"]]]]],
  ["libs",
   [["import dynlibs", "00000000000006bb"],
    ["package external libraries", "00000000000006bb"],
    ["module dynlibs", "00000000000006bb"],
    ["module plugins", "00000000000006bb"]]],
  ["Lean 4.34.0, commit 293d5d0c0c3f3dded4688b3ccd6a33939ac5102b",
   "a1c6c7aa3e9abfe7"],
  ["/workspace/P10Core/Model/Calculus.lean", "e93326026bb727d2"],
  ["options", "00000000000006bb"],
  ["isModule: false", "feefd2a0d3a1847e"],
  ["Module.name: P10Core.Model.Calculus", "fb58d338792917d5"],
  ["Package.id?: (some p10_core)", "28902b89de205eed"],
  ["Module.leanArgs: #[]", "00000000000006bb"]],
 "depHash": "c581dfe418384a56"}