{"synthetic": false,
 "schemaVersion": "2025-09-10",
 "outputs":
 {"o": ["20dceaa5668823ce.olean"],
  "m": false,
  "i": "1f2b65c0aa6d6cba.ilean",
  "c": "39d7ab93cfaa1133.c"},
 "log":
 [{"message":
   ".> LEAN_PATH=/workspace/.lake/build/lib/lean /root/.elan/toolchains/leanprover--lean4---v4.34.0/bin/lean /workspace/P10Core/Model/Rules.lean -o /workspace/.lake/build/lib/lean/P10Core/Model/Rules.olean -i /workspace/.lake/build/lib/lean/P10Core/Model/Rules.ilean -c /workspace/.lake/build/ir/P10Core/Model/Rules.c --setup /workspace/.lake/build/ir/P10Core/Model/Rules.setup.json --json",
   "level": "trace"}],
 "inputs":
 [["deps",
   [["p10_core/P10Core:extraDep", [["@p10_core:extraDep", "00000000000006bb"]]],
    ["imports", "00000000000006bb"]]],
  ["libs",
   [["import dynlibs", "00000000000006bb"],
    ["package external libraries", "00000000000006bb"],
    ["module dynlibs", "00000000000006bb"],
    ["module plugins", "00000000000006bb"]]],
  ["Lean 4.34.0, commit 293d5d0c0c3f3dded4688b3ccd6a33939ac5102b",
   "a1c6c7aa3e9abfe7"],
  ["/workspace/P10Core/Model/Rules.lean", "bc6d86eb9c5824b5"],
  ["options", "00000000000006bb"],
  ["isModule: false", "feefd2a0d3a1847e"],
  ["Module.name: P10Core.Model.Rules", "808c84fe32e81830"],
  ["Package.id?: (some p10_core)", "28902b89de205eed"],
  ["Module.leanArgs: #[]", "00000000000006bb"]],
 "depHash": "4c6b55b88145f74a"}