{"synthetic": false,
 "schemaVersion": "2025-09-10",
 "outputs":
 {"o": ["62f473182c9c76fd.olean"],
  "m": false,
  "i": "79cb80902bec526d.ilean",
  "c": "c6bc12d0e1477b09.c"},
 "log":
 [{"message":
   ".> LEAN_PATH=/workspace/.lake/build/lib/lean /root/.elan/toolchains/leanprover--lean4---v4.34.0/bin/lean /workspace/P10Core/Proofs/Composition.lean -o /workspace/.lake/build/lib/lean/P10Core/Proofs/Composition.olean -i /workspace/.lake/build/lib/lean/P10Core/Proofs/Composition.ilean -c /workspace/.lake/build/ir/P10Core/Proofs/Composition.c --setup /workspace/.lake/build/ir/P10Core/Proofs/Composition.setup.json --json",
   "level": "trace"}],
 "inputs":
 [["deps",
   [["p10_core/P10Core:extraDep", [["@p10_core:extraDep", "00000000000006bb"]]],
    ["imports",
     [["P10Core.Proofs.FourEvidence transitive imports (legacy)",
       "dad518c6a3c703fd"],
      ["P10Core.Proofs.FourEvidence:importAllArts", "38cae213cc56ffa5"],
      ["P10Core.Instances.FourEvidence.Composition transitive imports (legacy)",
       "dad518c6a3c703fd"],
      ["P10Core.Instances.FourEvidence.Composition:importAllArts",
       "93345489870f7392"]]]]],
  ["libs",
   [["import dynlibs", "00000000000006bb"],
    ["package external libraries", "00000000000006bb"],
    ["module dynlibs", "00000000000006bb"],
    ["module plugins", "00000000000006bb"]]],
  ["Lean 4.34.0, commit 293d5d0c0c3f3dded4688b3ccd6a33939ac5102b",
   "a1c6c7aa3e9abfe7"],
  ["/workspace/P10Core/Proofs/Composition.lean", "8b877fb144e4875c"],
  ["options", "00000000000006bb"],
  ["isModule: false", "feefd2a0d3a1847e"],
  ["Module.name: P10Core.Proofs.Composition", "ca3462d15f16269b"],
  ["Package.id?: (some p10_core)", "28902b89de205eed"],
  ["Module.leanArgs: #[]", "00000000000006bb"]],
 "depHash": "36de3c33694e00be"}