{"synthetic": false,
 "schemaVersion": "2025-09-10",
 "outputs":
 {"o": ["eec3db24848313bf.olean"],
  "m": false,
  "i": "fc7fd732c93f44a0.ilean",
  "c": "c8148cf10e806123.c"},
 "log":
 [{"message":
   ".> LEAN_PATH=/workspace/.lake/build/lib/lean /root/.elan/toolchains/leanprover--lean4---v4.34.0/bin/lean /workspace/P10Core/Proofs/PositiveWitness.lean -o /workspace/.lake/build/lib/lean/P10Core/Proofs/PositiveWitness.olean -i /workspace/.lake/build/lib/lean/P10Core/Proofs/PositiveWitness.ilean -c /workspace/.lake/build/ir/P10Core/Proofs/PositiveWitness.c --setup /workspace/.lake/build/ir/P10Core/Proofs/PositiveWitness.setup.json --json",
   "level": "trace"},
  {"message": "P10Core/Proofs/PositiveWitness.lean:73:0: true",
   "level": "info"},
  {"message": "P10Core/Proofs/PositiveWitness.lean:74:0: true",
   "level": "info"},
  {"message": "P10Core/Proofs/PositiveWitness.lean:75:0: true",
   "level": "info"}],
 "inputs":
 [["deps",
   [["p10_core/P10Core:extraDep", [["@p10_core:extraDep", "00000000000006bb"]]],
    ["imports",
     [["P10Core.Proofs.Composition transitive imports (legacy)",
       "5dff4343610ac14c"],
      ["P10Core.Proofs.Composition:importAllArts", "01e121528f5d0d2d"]]]]],
  ["libs",
   [["import dynlibs", "00000000000006bb"],
    ["package external libraries", "00000000000006bb"],
    ["module dynlibs", "00000000000006bb"],
    ["module plugins", "00000000000006bb"]]],
  ["Lean 4.34.0, commit 293d5d0c0c3f3dded4688b3ccd6a33939ac5102b",
   "a1c6c7aa3e9abfe7"],
  ["/workspace/P10Core/Proofs/PositiveWitness.lean", "bef7c37b1caff360"],
  ["options", "00000000000006bb"],
  ["isModule: false", "feefd2a0d3a1847e"],
  ["Module.name: P10Core.Proofs.PositiveWitness", "f2d47ce6fdf9d68a"],
  ["Package.id?: (some p10_core)", "28902b89de205eed"],
  ["Module.leanArgs: #[]", "00000000000006bb"]],
 "depHash": "fe7d1b89bd6219ce"}