{"synthetic": false,
 "schemaVersion": "2025-09-10",
 "outputs":
 {"o": ["6780264349042252.olean"],
  "m": false,
  "i": "81bc15409697ab65.ilean",
  "c": "2d6ec07d88c65be8.c"},
 "log":
 [{"message":
   ".> LEAN_PATH=/workspace/.lake/build/lib/lean /root/.elan/toolchains/leanprover--lean4---v4.34.0/bin/lean /workspace/P10Core.lean -o /workspace/.lake/build/lib/lean/P10Core.olean -i /workspace/.lake/build/lib/lean/P10Core.ilean -c /workspace/.lake/build/ir/P10Core.c --setup /workspace/.lake/build/ir/P10Core.setup.json --json",
   "level": "trace"}],
 "inputs":
 [["deps",
   [["p10_core/P10Core:extraDep", [["@p10_core:extraDep", "00000000000006bb"]]],
    ["imports",
     [["P10Core.Proofs.FourEvidence transitive imports (legacy)",
       "dad518c6a3c703fd"],
      ["P10Core.Proofs.FourEvidence:importAllArts", "38cae213cc56ffa5"],
      ["P10Core.Proofs.Composition transitive imports (legacy)",
       "5dff4343610ac14c"],
      ["P10Core.Proofs.Composition:importAllArts", "01e121528f5d0d2d"],
      ["P10Core.Proofs.PositiveWitness transitive imports (legacy)",
       "ac0d7c8dc0bad821"],
      ["P10Core.Proofs.PositiveWitness:importAllArts", "68da93b3d06858d7"]]]]],
  ["libs",
   [["import dynlibs", "00000000000006bb"],
    ["package external libraries", "00000000000006bb"],
    ["module dynlibs", "00000000000006bb"],
    ["module plugins", "00000000000006bb"]]],
  ["Lean 4.34.0, commit 293d5d0c0c3f3dded4688b3ccd6a33939ac5102b",
   "a1c6c7aa3e9abfe7"],
  ["/workspace/P10Core.lean", "ff057c4481cb6778"],
  ["options", "00000000000006bb"],
  ["isModule: false", "feefd2a0d3a1847e"],
  ["Module.name: P10Core", "e6be7cc608b7823b"],
  ["Package.id?: (some p10_core)", "28902b89de205eed"],
  ["Module.leanArgs: #[]", "00000000000006bb"]],
 "depHash": "6338d3e900e0bfd7"}