{"synthetic": false,
 "schemaVersion": "2025-09-10",
 "outputs":
 {"o": ["db55a0b0319ff9de.olean"],
  "m": false,
  "i": "6e3b937d54f213a7.ilean",
  "c": "89f7bb1456585d1a.c"},
 "log":
 [{"message":
   ".> LEAN_PATH=/workspace/.lake/build/lib/lean /root/.elan/toolchains/leanprover--lean4---v4.34.0/bin/lean /workspace/P10Core/Instances/FourEvidence/Checker.lean -o /workspace/.lake/build/lib/lean/P10Core/Instances/FourEvidence/Checker.olean -i /workspace/.lake/build/lib/lean/P10Core/Instances/FourEvidence/Checker.ilean -c /workspace/.lake/build/ir/P10Core/Instances/FourEvidence/Checker.c --setup /workspace/.lake/build/ir/P10Core/Instances/FourEvidence/Checker.setup.json --json",
   "level": "trace"}],
 "inputs":
 [["deps",
   [["p10_core/P10Core:extraDep", [["@p10_core:extraDep", "00000000000006bb"]]],
    ["imports",
     [["P10Core.Instances.FourEvidence.Model transitive imports (legacy)",
       "76a51850acce29cb"],
      ["P10Core.Instances.FourEvidence.Model:importAllArts",
       "f43461b9e7871b61"]]]]],
  ["libs",
   [["import dynlibs", "00000000000006bb"],
    ["package external libraries", "00000000000006bb"],
    ["module dynlibs", "00000000000006bb"],
    ["module plugins", "00000000000006bb"]]],
  ["Lean 4.34.0, commit 293d5d0c0c3f3dded4688b3ccd6a33939ac5102b",
   "a1c6c7aa3e9abfe7"],
  ["/workspace/P10Core/Instances/FourEvidence/Checker.lean",
   "25a10760ad741d88"],
  ["options", "00000000000006bb"],
  ["isModule: false", "feefd2a0d3a1847e"],
  ["Module.name: P10Core.Instances.FourEvidence.Checker", "b5afea537a1c8b23"],
  ["Package.id?: (some p10_core)", "28902b89de205eed"],
  ["Module.leanArgs: #[]", "00000000000006bb"]],
 "depHash": "34dabc625994805b"}