{"synthetic": false,
 "schemaVersion": "2025-09-10",
 "outputs":
 {"o": ["951c5ff4b5547da2.olean"],
  "m": false,
  "i": "37db7661b67f562d.ilean",
  "c": "3cb38baeb41c9496.c"},
 "log":
 [{"message":
   ".> LEAN_PATH=/workspace/.lake/build/lib/lean /root/.elan/toolchains/leanprover--lean4---v4.34.0/bin/lean /workspace/P10Core/Instances/FourEvidence/Composition.lean -o /workspace/.lake/build/lib/lean/P10Core/Instances/FourEvidence/Composition.olean -i /workspace/.lake/build/lib/lean/P10Core/Instances/FourEvidence/Composition.ilean -c /workspace/.lake/build/ir/P10Core/Instances/FourEvidence/Composition.c --setup /workspace/.lake/build/ir/P10Core/Instances/FourEvidence/Composition.setup.json --json",
   "level": "trace"}],
 "inputs":
 [["deps",
   [["p10_core/P10Core:extraDep", [["@p10_core:extraDep", "00000000000006bb"]]],
    ["imports",
     [["P10Core.Instances.FourEvidence.Checker transitive imports (legacy)",
       "abf1b5b933065cd7"],
      ["P10Core.Instances.FourEvidence.Checker:importAllArts",
       "76753496ff3e5fa3"]]]]],
  ["libs",
   [["import dynlibs", "00000000000006bb"],
    ["package external libraries", "00000000000006bb"],
    ["module dynlibs", "00000000000006bb"],
    ["module plugins", "00000000000006bb"]]],
  ["Lean 4.34.0, commit 293d5d0c0c3f3dded4688b3ccd6a33939ac5102b",
   "a1c6c7aa3e9abfe7"],
  ["/workspace/P10Core/Instances/FourEvidence/Composition.lean",
   "78b3c71fd7166e60"],
  ["options", "00000000000006bb"],
  ["isModule: false", "feefd2a0d3a1847e"],
  ["Module.name: P10Core.Instances.FourEvidence.Composition",
   "83aa4c3f259ab8b8"],
  ["Package.id?: (some p10_core)", "28902b89de205eed"],
  ["Module.leanArgs: #[]", "00000000000006bb"]],
 "depHash": "38ae745ead9ad035"}