{"synthetic": false,
 "schemaVersion": "2025-09-10",
 "outputs":
 {"o": ["7401fdae4a42ecab.olean"],
  "m": false,
  "i": "671275b6b3703cf6.ilean",
  "c": "0f2211f4677acb6c.c"},
 "log":
 [{"message":
   ".> LEAN_PATH=/workspace/.lake/build/lib/lean /root/.elan/toolchains/leanprover--lean4---v4.34.0/bin/lean /workspace/P10Core/Instances/FourEvidence/Model.lean -o /workspace/.lake/build/lib/lean/P10Core/Instances/FourEvidence/Model.olean -i /workspace/.lake/build/lib/lean/P10Core/Instances/FourEvidence/Model.ilean -c /workspace/.lake/build/ir/P10Core/Instances/FourEvidence/Model.c --setup /workspace/.lake/build/ir/P10Core/Instances/FourEvidence/Model.setup.json --json",
   "level": "trace"}],
 "inputs":
 [["deps",
   [["p10_core/P10Core:extraDep", [["@p10_core:extraDep", "00000000000006bb"]]],
    ["imports",
     [["P10Core.Model.Calculus transitive imports (legacy)",
       "d2c1faf3f770a79f"],
      ["P10Core.Model.Calculus:importAllArts", "e29ceed921676a21"],
      ["P10Core.Model.Rules transitive imports (legacy)", "00000000000006bb"],
      ["P10Core.Model.Rules:importAllArts", "fb2cc277a76f4228"]]]]],
  ["libs",
   [["import dynlibs", "00000000000006bb"],
    ["package external libraries", "00000000000006bb"],
    ["module dynlibs", "00000000000006bb"],
    ["module plugins", "00000000000006bb"]]],
  ["Lean 4.34.0, commit 293d5d0c0c3f3dded4688b3ccd6a33939ac5102b",
   "a1c6c7aa3e9abfe7"],
  ["/workspace/P10Core/Instances/FourEvidence/Model.lean", "2ea11c87cb36f451"],
  ["options", "00000000000006bb"],
  ["isModule: false", "feefd2a0d3a1847e"],
  ["Module.name: P10Core.Instances.FourEvidence.Model", "aabaa5a886907715"],
  ["Package.id?: (some p10_core)", "28902b89de205eed"],
  ["Module.leanArgs: #[]", "00000000000006bb"]],
 "depHash": "4d0557ad3f954b2f"}